{"HostConfigHash":"44da695","CardHash":"6ac5b76","Error":null}