{"HostConfigHash":"44da695","CardHash":"5805912","Error":null}