{"HostConfigHash":"44da695","CardHash":"298a3a5","Error":null}