{"HostConfigHash":"44da695","CardHash":"c7fb908","Error":null}