{"HostConfigHash":"44da695","CardHash":"c99c396","Error":null}