{"HostConfigHash":"44da695","CardHash":"d7c5869","Error":null}