{"HostConfigHash":"44da695","CardHash":"869d87c","Error":null}