{"HostConfigHash":"44da695","CardHash":"ce465f9","Error":null}