{"HostConfigHash":"44da695","CardHash":"804de83","Error":null}