{"HostConfigHash":"44da695","CardHash":"05307db","Error":null}