{"HostConfigHash":"44da695","CardHash":"9b23448","Error":null}