{"HostConfigHash":"44da695","CardHash":"e9432b0","Error":null}