{"HostConfigHash":"44da695","CardHash":"58cd2e6","Error":null}