{"HostConfigHash":"44da695","CardHash":"61705ea","Error":null}