{"HostConfigHash":"44da695","CardHash":"348966c","Error":null}