{"HostConfigHash":"44da695","CardHash":"0c6e426","Error":null}