{"HostConfigHash":"44da695","CardHash":"a1b7203","Error":null}