{"HostConfigHash":"44da695","CardHash":"c5fe14d","Error":null}