{"HostConfigHash":"44da695","CardHash":"58d8447","Error":null}