{"HostConfigHash":"44da695","CardHash":"0af416a","Error":null}