{"HostConfigHash":"44da695","CardHash":"1076b7f","Error":null}