{"HostConfigHash":"44da695","CardHash":"c4a8f0e","Error":null}