{"HostConfigHash":"44da695","CardHash":"e73a037","Error":null}