{"HostConfigHash":"44da695","CardHash":"1d1e87d","Error":null}