{"HostConfigHash":"44da695","CardHash":"6a3d7d5","Error":null}