{"HostConfigHash":"44da695","CardHash":"0dca9ae","Error":null}