{"HostConfigHash":"44da695","CardHash":"8910a62","Error":null}