{"HostConfigHash":"44da695","CardHash":"e5ccaaf","Error":null}