{"HostConfigHash":"44da695","CardHash":"3170bf4","Error":null}