{"HostConfigHash":"44da695","CardHash":"e79f792","Error":null}