{"HostConfigHash":"44da695","CardHash":"1d7785f","Error":null}