{"HostConfigHash":"44da695","CardHash":"fa28ce2","Error":null}