{"HostConfigHash":"44da695","CardHash":"76939e7","Error":null}