{"HostConfigHash":"44da695","CardHash":"3510bb1","Error":null}