{"HostConfigHash":"44da695","CardHash":"620e3f5","Error":null}