{"HostConfigHash":"44da695","CardHash":"8d9f2c6","Error":null}