{"HostConfigHash":"44da695","CardHash":"d990175","Error":null}