{"HostConfigHash":"44da695","CardHash":"ad6bd2b","Error":null}