{"HostConfigHash":"44da695","CardHash":"68732e0","Error":null}