{"HostConfigHash":"44da695","CardHash":"a942a42","Error":null}