{"HostConfigHash":"44da695","CardHash":"727ee34","Error":null}