{"HostConfigHash":"44da695","CardHash":"faaccb2","Error":null}