{"HostConfigHash":"44da695","CardHash":"37621d4","Error":null}