{"HostConfigHash":"44da695","CardHash":"3bfa570","Error":null}