{"HostConfigHash":"44da695","CardHash":"cb2187d","Error":null}