{"HostConfigHash":"44da695","CardHash":"7e0c97e","Error":null}