{"HostConfigHash":"44da695","CardHash":"e89123e","Error":null}