{"HostConfigHash":"44da695","CardHash":"1f998c7","Error":null}