{"HostConfigHash":"44da695","CardHash":"39ac86c","Error":null}