{"HostConfigHash":"44da695","CardHash":"e62ce98","Error":null}